
> estepona-tours@0.1.0 build C:\Users\casti\Documents\aplicacion tour-IA
> next build

   Ôû▓ Next.js 15.5.9
   - Environments: .env
   - Experiments (use with caution):
     ┬À serverActions

   Creating an optimized production build ...
> [PWA] Compile server
> [PWA] Compile server
> [PWA] Compile client (static)
> [PWA] Auto register service worker with: C:\Users\casti\Documents\aplicacion tour-IA\node_modules\.pnpm\next-pwa@5.6.0_@babel+core@_f0e8c0df7a324f3eec596e9873ff73e7\node_modules\next-pwa\register.js
> [PWA] Service worker: C:\Users\casti\Documents\aplicacion tour-IA\public\sw.js
> [PWA]   url: /sw.js
> [PWA]   scope: /
 Ô£ô Compiled successfully in 8.7s
   Linting and checking validity of types ...

./app/(main)/map/page.tsx
59:9  Warning: Unexpected console statement.  no-console
62:9  Warning: Unexpected console statement.  no-console
88:9  Warning: Unexpected console statement.  no-console
107:9  Warning: Unexpected console statement.  no-console
113:9  Warning: Unexpected console statement.  no-console
127:6  Warning: React Hook useEffect has a missing dependency: 'router'. Either include it or remove the dependency array.  react-hooks/exhaustive-deps
247:11  Warning: Unexpected console statement.  no-console

./app/(main)/upgrade/page.tsx
66:6  Warning: React Hook useEffect has a missing dependency: 'router'. Either include it or remove the dependency array.  react-hooks/exhaustive-deps
79:11  Warning: Unexpected console statement.  no-console

./app/api/scan/[nfcUid]/route.ts
14:5  Warning: Unexpected console statement.  no-console
17:5  Warning: Unexpected console statement.  no-console
20:7  Warning: Unexpected console statement.  no-console
26:5  Warning: Unexpected console statement.  no-console
45:7  Warning: Unexpected console statement.  no-console
77:7  Warning: Unexpected console statement.  no-console
107:7  Warning: Unexpected console statement.  no-console
138:7  Warning: Unexpected console statement.  no-console

./app/api/webhooks/stripe/route.ts
33:3  Warning: Unexpected console statement.  no-console
69:9  Warning: Unexpected console statement.  no-console
91:3  Warning: Unexpected console statement.  no-console
141:3  Warning: Unexpected console statement.  no-console
183:3  Warning: Unexpected console statement.  no-console
222:3  Warning: Unexpected console statement.  no-console
252:3  Warning: Unexpected console statement.  no-console

./app/scan/[nfcUid]/page.tsx
74:7  Warning: Unexpected console statement.  no-console
88:9  Warning: Unexpected console statement.  no-console
90:9  Warning: Unexpected console statement.  no-console
112:9  Warning: Unexpected console statement.  no-console
113:9  Warning: Unexpected console statement.  no-console
116:11  Warning: Unexpected console statement.  no-console
118:11  Warning: Unexpected console statement.  no-console
122:11  Warning: Unexpected console statement.  no-console
130:11  Warning: Unexpected console statement.  no-console
214:15  Warning: Unexpected console statement.  no-console

./components/map/GameMap.tsx
86:7  Warning: Unexpected console statement.  no-console
91:5  Warning: Unexpected console statement.  no-console
99:9  Warning: Unexpected console statement.  no-console
104:7  Warning: Unexpected console statement.  no-console
132:7  Warning: Unexpected console statement.  no-console
137:9  Warning: Unexpected console statement.  no-console
138:9  Warning: Unexpected console statement.  no-console
141:11  Warning: Unexpected console statement.  no-console
142:11  Warning: Unexpected console statement.  no-console
143:11  Warning: Unexpected console statement.  no-console
144:11  Warning: Unexpected console statement.  no-console

./components/Providers.tsx
17:7  Warning: Unexpected console statement.  no-console

info  - Need to disable some ESLint rules? Learn more here: https://nextjs.org/docs/app/api-reference/config/eslint#disabling-rules
pnpm : Failed to compile.
En línea: 1 Carácter: 52
+ ... ers\casti\Documents\aplicacion tour-IA" ; pnpm run build 2>&1 | Out-F ...
+                                               ~~~~~~~~~~~~~~~~~~~
    + CategoryInfo          : NotSpecified: (Failed to compile.:String) [], RemoteException
    + FullyQualifiedErrorId : NativeCommandError
 

./lib/security/stripe.ts:10:3
Type error: Type '"2024-12-18.acacia"' is not assignable to type '"2025-02-24.acacia"'.

[0m [90m  8 |[39m
 [90m  9 |[39m [36mconst[39m stripe [33m=[39m [36mnew[39m [33mStripe[39m(process[33m.[39menv[33m.[39m[33mSTRIPE_SECRET_KEY[39m[33m![39m[33m,[39m {
[31m[1m>[22m[39m[90m 10 |[39m   apiVersion[33m:[39m [32m'2024-12-18.acacia'[39m[33m,[39m
 [90m    |[39m   [31m[1m^[22m[39m
 [90m 11 |[39m })[33m;[39m
 [90m 12 |[39m
 [90m 13 |[39m [90m/**[39m[0m
Next.js build worker exited with code: 1 and signal: null
ÔÇëELIFECYCLEÔÇë Command failed with exit code 1.
